fichier resultat du test : testTousLesRuchers.out
Contenu de la base :
Contenu de la table Apiculteur :
=================================

     IDAPI NOMAPI     PRENOMAPI  TELAPI          MAILAPI              ADRAPI                                                      
---------- ---------- ---------- --------------- -------------------- ------------                                                
         1 DUPONT     Jean       0606060606      dupont@example.org   La Rochelle                                                 
         2 VANILLE    Charles    0607070707      vanille@example.org  La Rochelle                                                 
         3 LALLIC     Tituan     0707070707      lallic@example.org   La Rochelle                                                 

Contenu de la table Rucher:
=================================

  IDRUCHER TYPEMIEL                                                                                                               
---------- ------------------                                                                                                     
         1 acacia                                                                                                                 
         2 colza                                                                                                                  
         3 sapin                                                                                                                  
         4 thym                                                                                                                   

Contenu de la table Ruche:
=================================

      IDRU    NBCADRE      IDAPI   IDRUCHER                                                                                       
---------- ---------- ---------- ----------                                                                                       
         1          1          1          1                                                                                       
         2         10          2          2                                                                                       
         3         11          3          3                                                                                       
         4          5          3          4                                                                                       
         5         15          3          1                                                                                       

Contenu de la table Recolte:
=================================

      IDRU DATEREC         MASSE                                                                                                  
---------- ---------- ----------                                                                                                  
         1 01/12/2018          5                                                                                                  
         2 23/03/2018          4                                                                                                  
         3 01/10/2018          9                                                                                                  
         4 02/04/2018          8                                                                                                  
         5 25/05/2018          6                                                                                                  

'Resultat de la requete'
SQL> @tousLesRuchers.sql
SQL> -- ============================================================================
SQL> -- Fichier 	 : apiculteurAcacia.sql
SQL> -- Auteur		 : Tania OLIVIA
SQL> -- Date		 : 11 Decembre 2019
SQL> -- Base			     : Ruche
SQL> -- Role		 : Quels sont les apiculteurs qui produisent du miel de type « acacia » ?
SQL> -- ============================================================================
SQL> 
SQL> SELECT DISTINCT A.IDAPI
  2  FROM APICULTEUR A
  3  WHERE EXISTS (SELECT *
  4  		      FROM RUCHER RU, RUCHE R
  5  		      WHERE RU.TYPEMIEL = 'sapin'
  6  		      AND RU.IDRUCHER = R.IDRUCHER
  7  		      AND R.IDAPI = A.IDAPI);

     IDAPI                                                                                                                        
----------                                                                                                                        
         3                                                                                                                        

SQL> SET echo OFF
