fichier resultat du test : testCommandesSansDessert.out
Contenu de la base :
Contenu de la table Client :
=================================

     IDCLI NOMCLI     PRENOMCLI      TELCLI MAILCLI            ADRCLI                                                                                 
---------- ---------- ---------- ---------- ------------------ ------------                                                                           
         1 MARTIN     Jean       ########## martin@example.org La Rochelle                                                                            

Contenu de la table Commande:
=================================

     IDCOM      IDCLI DATECOM    DATERECEPP                                                                                                           
---------- ---------- ---------- ----------                                                                                                           
         4          1 01/12/2013 20/12/2013                                                                                                           
         1          1 01/09/2013 20/12/2013                                                                                                           
         2          1 01/10/2013 20/12/2013                                                                                                           
         3          1 01/11/2013 20/12/2013                                                                                                           

Contenu de la table Ligne_Commande:
=================================

  IDLIGCOM      IDCOM      IDPRO     QTECOM   PRIXUNIT                                                                                                
---------- ---------- ---------- ---------- ----------                                                                                                
         6          4          2          5          4                                                                                                
         1          1          1          5         10                                                                                                
         2          2          1          5          4                                                                                                
         3          2          2          5          2                                                                                                
         4          3          1          5          4                                                                                                
         5          3          3          5         10                                                                                                

6 lignes sélectionnées.

Contenu de la table Produit:
=================================

     IDPRO NOMPRO     TYPEPRO                                                                                                                         
---------- ---------- ---------------------                                                                                                           
         2 B          POISSON                                                                                                                         
         1 A          DESSERT                                                                                                                         
         3 C          DESSERT                                                                                                                         

Contenu de la table Livraison:
=================================

aucune ligne sélectionnée

Contenu de la table Livreur:
=================================

aucune ligne sélectionnée

'Resultat de la requete avec IN'
SQL> @commandesSansDessertIN.sql
SP2-0310: impossible d'ouvrir le fichier "commandesSansDessertIN.sql"
SQL> SET echo OFF
'Resultat de la requete avec Exists'
SQL> @commandesSansDessertExists.sql
SP2-0310: impossible d'ouvrir le fichier "commandesSansDessertExists.sql"
SQL> SET echo OFF
'Resultat de la requete sans sous-requete'
SQL> @commandesSansDessertSansSR.sql
SP2-0310: impossible d'ouvrir le fichier "commandesSansDessertSansSR.sql"
SQL> SET echo OFF
