fichier resultat du test : typeMielPlusRecolte/testTypeMielPlusRecolte.out
Contenu de la base :
Contenu de la table Apiculteur :
=================================

     IDAPI NOMAPI     PRENOMAPI  TELAPI          MAILAPI              ADRAPI                                                      
---------- ---------- ---------- --------------- -------------------- ------------                                                
         1 DUPONT     Jean       0606060606      dupont@example.org   La Rochelle                                                 
         3 LALLIC     Tituan     0707070707      lallic@example.org   La Rochelle                                                 
         2 VANILLE    Charles    0607070707      vanille@example.org  La Rochelle                                                 

Contenu de la table Rucher:
=================================

  IDRUCHER TYPEMIEL                                                                                                               
---------- ------------------                                                                                                     
         1 acacia                                                                                                                 
         2 colza                                                                                                                  
         3 sapin                                                                                                                  
         4 thym                                                                                                                   

Contenu de la table Ruche:
=================================

      IDRU    NBCADRE      IDAPI   IDRUCHER                                                                                       
---------- ---------- ---------- ----------                                                                                       
         1          1          1          1                                                                                       
         3         11          3          1                                                                                       
         2         10          2          2                                                                                       
         4         15          3          3                                                                                       
         5          5          3          4                                                                                       

Contenu de la table Recolte:
=================================

      IDRU DATEREC         MASSE                                                                                                  
---------- ---------- ----------                                                                                                  
         1 01/12/2018          5                                                                                                  
         3 01/12/2018          9                                                                                                  
         2 23/03/2018          4                                                                                                  
         2 10/06/2018          9                                                                                                  
         4 25/05/2018          6                                                                                                  
         5 02/04/2018          8                                                                                                  

6 lignes sélectionnées.

'Resultat de la requete'
SQL> @typeMielPlusRecolte/typeMielPlusRecolte.sql
SQL> -- ============================================================================
SQL> -- Fichier 	 : apiculteurAcacia.sql
SQL> -- Auteur		 : Tania OLIVIA
SQL> -- Date		 : 11 Decembre 2019
SQL> -- Base			     : Ruche
SQL> -- Role		 : Quels sont les apiculteurs qui produisent du miel de type « acacia » ?
SQL> -- ============================================================================
SQL> 
SQL> SELECT RU.TYPEMIEL, SUM(RE.MASSE) AS MasseTotale
  2  FROM RUCHER RU, RECOLTE RE, RUCHE R
  3  WHERE R.IDRUCHER = RU.IDRUCHER
  4  AND R.IDRU = RE.IDRU
  5  GROUP BY RU.TYPEMIEL
  6  ORDER BY SUM(RE.MASSE) DESC
  7  OFFSET 0 ROWS
  8  FETCH FIRST 1 ROWS ONLY;

TYPEMIEL           MASSETOTALE                                                                                                    
------------------ -----------                                                                                                    
acacia                      14                                                                                                    

SQL> SET echo OFF
