fichier resultat du test : testCommandesAvecDessert.out
Contenu de la base :
Contenu de la table Client :
=================================

     IDCLI NOMCLI     PRENOMCLI      TELCLI MAILCLI            ADRCLI                                                                                 
---------- ---------- ---------- ---------- ------------------ ------------                                                                           
         1 MARTIN     Jean       ########## martin@example.org La Rochelle                                                                            

Contenu de la table Commande:
=================================

     IDCOM      IDCLI DATECOM    DATERECEPP                                                                                                           
---------- ---------- ---------- ----------                                                                                                           
         1          1 01/09/2013 20/12/2013                                                                                                           
         2          1 01/10/2013 20/12/2013                                                                                                           
         3          1 01/11/2013 20/12/2013                                                                                                           
         4          1 01/12/2013 20/12/2013                                                                                                           

Contenu de la table Ligne_Commande:
=================================

  IDLIGCOM      IDCOM      IDPRO     QTECOM   PRIXUNIT                                                                                                
---------- ---------- ---------- ---------- ----------                                                                                                
         1          1          1          5         10                                                                                                
         2          2          1          5          4                                                                                                
         4          3          1          5          4                                                                                                
         3          2          2          5          2                                                                                                
         5          3          3          5         10                                                                                                
         6          4          2          5          4                                                                                                

6 lignes sélectionnées.

Contenu de la table Produit:
=================================

     IDPRO NOMPRO     TYPEPRO                                                                                                                         
---------- ---------- ---------------------                                                                                                           
         1 A          DESSERT                                                                                                                         
         2 B          POISSON                                                                                                                         
         3 C          DESSERT                                                                                                                         

Contenu de la table Livraison:
=================================

aucune ligne sélectionnée

Contenu de la table Livreur:
=================================

aucune ligne sélectionnée

'Resultat de la requete resans sous-requete'
SQL> @commandesAvecDessertSansSR.sql
SQL> -- ============================================================================
SQL> -- Fichier 	 : commandesAvecDessertSansSR.sql
SQL> -- Auteur		 : Tania OLIVIA
SQL> -- Date		 : 18 Novembre 2019
SQL> -- Base			     : Surgeles
SQL> -- Role		 : La requête sans sous-requête pour connaître les numéros et date de commande pour lesquels des produits de type "dessert" ont été achetés
SQL> -- ============================================================================
SQL> 
SQL> SELECT C.IDCOM, C.DATECOM
  2  FROM COMMANDE C, LIGNE_COMMANDE L, PRODUIT P
  3  WHERE C.IDCOM = L.IDCOM
  4  AND L.IDPRO = P.IDPRO
  5  AND P.TYPEPRO = 'DESSERT';

     IDCOM DATECOM                                                                                                                                    
---------- ----------                                                                                                                                 
         1 01/09/2013                                                                                                                                 
         2 01/10/2013                                                                                                                                 
         3 01/11/2013                                                                                                                                 
         3 01/11/2013                                                                                                                                 

SQL> SET echo OFF
'Resultat de la requete avec Exists'
SQL> @commandesAvecDessertExists.sql
SQL> -- ============================================================================
SQL> -- Fichier 	 : commandesAvecDessertExists.sql
SQL> -- Auteur		 : C. Faucher
SQL> -- Date		 : Novembre 2014
SQL> -- Base			     : Surgeles
SQL> -- Role		 : La requête avec EXISTS pour connaître les numéros et date de commande pour lesquels des produits de type "dessert" ont été achetés
SQL> -- ============================================================================
SQL> 
SQL> SELECT C.IDCOM, C.DATECOM
  2  FROM COMMANDE C
  3  WHERE EXISTS (SELECT *
  4  		   FROM LIGNE_COMMANDE L, PRODUIT P
  5  		   WHERE L.IDPRO = P.IDPRO
  6  		   AND P.TYPEPRO = 'DESSERT'
  7  		   AND C.IDCOM = L.IDCOM
  8  );

     IDCOM DATECOM                                                                                                                                    
---------- ----------                                                                                                                                 
         1 01/09/2013                                                                                                                                 
         2 01/10/2013                                                                                                                                 
         3 01/11/2013                                                                                                                                 

SQL> SET echo OFF
'Resultat de la requete avec IN'
SQL> @commandesAvecDessertIN.sql
SQL> -- ============================================================================
SQL> -- Fichier 	 : commandesAvecDessertIN.sql
SQL> -- Auteur		 : Tania OLIVIA
SQL> -- Date		 : 18 Novembre 2019
SQL> -- Base			     : Surgeles
SQL> -- Role		 : La requête avec IN pour connaître les numéros et date de commande pour lesquels des produits de type "dessert" ont été achetés
SQL> -- ============================================================================
SQL> 
SQL> SELECT C.IDCOM, C.DATECOM
  2  FROM COMMANDE C
  3  WHERE C.IDCOM IN (SELECT L.IDCOM
  4  		   FROM LIGNE_COMMANDE L, PRODUIT P
  5  		   WHERE L.IDPRO = P.IDPRO
  6  		   AND P.TYPEPRO = 'DESSERT'
  7  );

     IDCOM DATECOM                                                                                                                                    
---------- ----------                                                                                                                                 
         1 01/09/2013                                                                                                                                 
         2 01/10/2013                                                                                                                                 
         3 01/11/2013                                                                                                                                 

SQL> SET echo OFF
'Resultat de la requete avec IN et une sous-requete correlee'
SQL> @commandesAvecDessertINCorrelee.sql
SQL> -- ============================================================================
SQL> -- Fichier 	 : commandesAvecDessertINCorrelee.sql
SQL> -- Auteur		 : Tania OLIVIA
SQL> -- Date		 : 18 Novembre 2019
SQL> -- Base			     : Surgeles
SQL> -- Role		 : La requête avec IN et une sous_requête corrélée pour connaître les numéros et date de commande pour lesquels des produits de type "dessert" ont été achetés
SQL> -- ============================================================================
SQL> 
SQL> SELECT C.IDCOM, C.DATECOM
  2  FROM COMMANDE C
  3  WHERE 'DESSERT' IN (SELECT P.TYPEPRO
  4  			      FROM LIGNE_COMMANDE L, PRODUIT P
  5  			      WHERE C.IDCOM = L.IDCOM
  6  			      AND L.IDPRO = P.IDPRO
  7  );

     IDCOM DATECOM                                                                                                                                    
---------- ----------                                                                                                                                 
         1 01/09/2013                                                                                                                                 
         2 01/10/2013                                                                                                                                 
         3 01/11/2013                                                                                                                                 

SQL> SET echo OFF
