fichier resultat du test : testNbrTotalProCom.out
Contenu de la base :
Contenu de la table Client :
=================================

     IDCLI NOMCLI     PRENOMCLI      TELCLI MAILCLI            ADRCLI                                                                                 
---------- ---------- ---------- ---------- ------------------ ------------                                                                           
         1 MARTIN     Jean       ########## martin@example.org La Rochelle                                                                            

Contenu de la table Commande:
=================================

     IDCOM      IDCLI DATECOM    DATERECEPP                                                                                                           
---------- ---------- ---------- ----------                                                                                                           
         1          1 01/10/2013 20/10/2013                                                                                                           
         2          1 01/10/2013 20/10/2013                                                                                                           

Contenu de la table Ligne_Commande:
=================================

  IDLIGCOM      IDCOM      IDPRO     QTECOM   PRIXUNIT                                                                                                
---------- ---------- ---------- ---------- ----------                                                                                                
         1          1          1          5        3,4                                                                                                
         2          1          2         10        3,4                                                                                                
         3          2          1          2        3,4                                                                                                
         4          2          2          3        3,4                                                                                                
         5          2          3          4        3,4                                                                                                

Contenu de la table Produit:
=================================

     IDPRO NOMPRO     TYPEPRO                                                                                                                         
---------- ---------- ---------------------                                                                                                           
         1 a          DESSERT                                                                                                                         
         2 b          DESSERT                                                                                                                         
         3 c          DESSERT                                                                                                                         

Contenu de la table Livraison:
=================================

aucune ligne sélectionnée

Contenu de la table Livreur:
=================================

aucune ligne sélectionnée

'Resultat de la requete'
SQL> @nbrTotalProCom.sql
SQL> -- ============================================================================
SQL> -- Fichier 	 : nbrTotalProCom.sql
SQL> -- Auteur		 : Tania OLIVIA
SQL> -- Date		 : 27 Novembre 2019
SQL> -- Base		 : Surgeles
SQL> -- Role		 : Quel est le nombre total de produits commandés par commande, le
SQL> -- 		   résultat doit comporter le numéro du client, le numéro de la commande et il
SQL> -- 		   est ordonné du plus grand nombre total vers le plus petit ?
SQL> -- ============================================================================
SQL> 
SQL> SELECT DISTINCT D.IDCLI, D.IDCOM, SUM(QTECOM) AS NBRTOTAL
  2  FROM COMMANDE D, LIGNE_COMMANDE L
  3  WHERE L.IDCOM = D.IDCOM
  4  GROUP BY D.IDCLI, D.IDCOM
  5  ORDER BY 3 DESC, 2 ASC;

     IDCLI      IDCOM   NBRTOTAL                                                                                                                      
---------- ---------- ----------                                                                                                                      
         1          1         15                                                                                                                      
         1          2          9                                                                                                                      

SQL> SET echo OFF
