fichier resultat du test : testNbrPUParProduit.out
Contenu de la base :
Contenu de la table Client :
=================================

     IDCLI NOMCLI     PRENOMCLI      TELCLI MAILCLI            ADRCLI                                                                                 
---------- ---------- ---------- ---------- ------------------ ------------                                                                           
         1 MARTIN     Jean       ########## martin@example.org La Rochelle                                                                            

Contenu de la table Commande:
=================================

     IDCOM      IDCLI DATECOM    DATERECEPP                                                                                                           
---------- ---------- ---------- ----------                                                                                                           
         1          1 01/10/2013 20/10/2013                                                                                                           
         2          1 02/10/2013 20/10/2013                                                                                                           
         3          1 03/10/2013 20/10/2013                                                                                                           

Contenu de la table Ligne_Commande:
=================================

  IDLIGCOM      IDCOM      IDPRO     QTECOM   PRIXUNIT                                                                                                
---------- ---------- ---------- ---------- ----------                                                                                                
         1          1          1          5          3                                                                                                
         2          1          2         10          4                                                                                                
         3          1          3          3          6                                                                                                
         4          2          1          2          4                                                                                                
         5          2          2         10          5                                                                                                
         6          2          3          3          6                                                                                                
         7          3          1          2          6                                                                                                
         8          3          2         10          5                                                                                                
         9          3          3          3          6                                                                                                

9 lignes sélectionnées.

Contenu de la table Produit:
=================================

     IDPRO NOMPRO     TYPEPRO                                                                                                                         
---------- ---------- ---------------------                                                                                                           
         1 a          DESSERT                                                                                                                         
         2 b          DESSERT                                                                                                                         
         3 c          DESSERT                                                                                                                         

Contenu de la table Livraison:
=================================

aucune ligne sélectionnée

Contenu de la table Livreur:
=================================

aucune ligne sélectionnée

'Resultat de la requete'
SQL> @nbrPUParProduit.sql
SQL> -- ============================================================================
SQL> -- Fichier 	 : nbrPUParProduit.sql
SQL> -- Auteur		 : Tania OLIVIA
SQL> -- Date		 : 27 Novembre 2019
SQL> -- Base		 : Surgeles
SQL> -- Role		 : Quel est le nombre de prix unitaire par produit ? (Un prix peut varier selon la saison et la quantité commandée)
SQL> -- ============================================================================
SQL> 
SQL> SELECT P.IDPRO, COUNT(DISTINCT L.PRIXUNIT) AS NBRPRIXUNIT
  2  FROM LIGNE_COMMANDE L, PRODUIT P
  3  WHERE L.IDPRO = P.IDPRO
  4  GROUP BY P.IDPRO;

     IDPRO NBRPRIXUNIT                                                                                                                                
---------- -----------                                                                                                                                
         1           3                                                                                                                                
         2           2                                                                                                                                
         3           1                                                                                                                                

SQL> SET echo OFF
